Archive member included to satisfy reference by file (symbol)

c:/devkitpro/devkitarm/bin/../lib/gcc/arm-none-eabi/6.3.0\libgcc.a(_udivsi3.o)
                              fat.o (__aeabi_uidiv)
c:/devkitpro/devkitarm/bin/../lib/gcc/arm-none-eabi/6.3.0\libgcc.a(_divsi3.o)
                              fat.o (__aeabi_idiv)
c:/devkitpro/devkitarm/bin/../lib/gcc/arm-none-eabi/6.3.0\libgcc.a(_dvmd_tls.o)
                              c:/devkitpro/devkitarm/bin/../lib/gcc/arm-none-eabi/6.3.0\libgcc.a(_udivsi3.o) (__aeabi_idiv0)
c:/devkitpro/devkitarm/bin/../lib/gcc/arm-none-eabi/6.3.0/../../../../arm-none-eabi/lib\libg.a(lib_a-memcpy-stub.o)
                              fat.o (memcpy)
c:/devkitpro/devkitarm/bin/../lib/gcc/arm-none-eabi/6.3.0/../../../../arm-none-eabi/lib\libg.a(lib_a-strlen-stub.o)
                              debugToFile.o (strlen)

Allocating common symbols
Common symbol       size              file

discFileSystem      0x1               fat.o
discBytePerClus     0x4               fat.o
discData            0x4               fat.o
discRootDir         0x4               fat.o
discRootDirClus     0x4               fat.o
discBytePerSec      0x4               fat.o
discSecPerFAT       0x4               fat.o
discFAT             0x4               fat.o
globalBuffer        0x200             fat.o
discSecPerClus      0x4               fat.o
discNumSec          0x4               fat.o

Memory Configuration

Name             Origin             Length             Attributes
vram             0x03780000         0x00004000
*default*        0x00000000         0xffffffff

Linker script and memory map

LOAD cardEngine.o
LOAD debugToFile.o
LOAD fat.o
LOAD sdmmc.o
LOAD bios.o
LOAD card_engine_header.o
LOAD debugprint.o
START GROUP
LOAD c:/devkitpro/devkitarm/bin/../lib/gcc/arm-none-eabi/6.3.0\libgcc.a
LOAD c:/devkitpro/devkitarm/bin/../lib/gcc/arm-none-eabi/6.3.0/../../../../arm-none-eabi/lib\libg.a
LOAD c:/devkitpro/devkitarm/bin/../lib/gcc/arm-none-eabi/6.3.0/../../../../arm-none-eabi/lib\libc.a
LOAD c:/devkitpro/devkitarm/bin/../lib/gcc/arm-none-eabi/6.3.0/../../../../arm-none-eabi/lib\libsysbase.a
END GROUP
                0x03780000                __vram_start = ORIGIN (vram)
                0x03784000                __vram_top = (ORIGIN (vram) + LENGTH (vram))
                0x03783fa0                __sp_irq = (__vram_top - 0x60)
                0x03783ea0                __sp_svc = (__sp_irq - 0x100)
                0x03783da0                __sp_usr = (__sp_svc - 0x100)
                0x03783ff8                __irq_flags = (__vram_top - 0x8)
                0x03783ffc                __irq_vector = (__vram_top - 0x4)

.init           0x03780000      0x29c
                0x03780000                __text_start = .
 *(.init)
 .init          0x03780000      0x29c card_engine_header.o
                0x03780000                patches_offset
                0x0378000c                sdk_version
                0x03780010                fileCluster
                0x03780014                cardStruct
                0x03780018                cacheStruct
                0x0378001c                card_engine_start
                0x03780074                fastCopy32
                0x0378009c                card_engine_end
                0x03780258                saveCluster
                0x0378025c                tryLockMutex
                0x03780288                unlockMutex
                0x0378029c                . = ALIGN (0x4)

.plt
 *(.plt)

.text           0x037802a0     0x2100
 *(.text*)
 .text          0x037802a0      0x3c8 cardEngine.o
                0x03780440                initLogging
                0x03780458                runCardEngineCheck
                0x03780474                myIrqHandlerFIFO
                0x03780494                myIrqHandlerVBlank
                0x037804b4                myIrqEnable
                0x03780500                irqIPCSYNCEnable
                0x03780570                eepromProtect
                0x03780578                eepromRead
                0x037805c0                eepromPageProg
                0x03780608                eepromPageWrite
                0x0378060c                eepromPageVerify
                0x03780614                eepromPageErase
                0x0378061c                cardId
                0x03780624                cardRead
 .text          0x03780668      0x134 debugToFile.o
                0x03780668                enableDebug
                0x037806a8                dbg_printf
                0x03780724                tohex
                0x0378078c                dbg_hexa
 .text          0x0378079c      0xea4 fat.o
                0x0378079c                FAT_ClustToSect
                0x037807c0                FAT_NextCluster
                0x03780924                ucase
                0x03780938                FAT_InitFiles
                0x03780c30                getBootFileCluster
                0x03780f5c                getFileFromCluster
                0x03780f74                fileRead
                0x037812c8                fileWrite
                0x037815d8                buildFatTableCache
 .text          0x03781640      0x8b8 sdmmc.o
                0x03781640                shutdown
                0x03781648                clearStatus
                0x03781650                startup
                0x03781658                isInserted
                0x03781660                geterror
                0x03781670                setTarget
                0x037816f4                sdmmc_send_command
                0x0378199c                sdmmc_cardinserted
                0x037819a4                sdmmc_controller_init
                0x03781af4                sdmmc_sdcard_init
                0x03781db8                sdmmc_sdcard_readsectors
                0x03781e40                readSectors
                0x03781e58                sdmmc_sdcard_writesectors
                0x03781ee0                writeSectors
 *fill*         0x03781ef8        0x8 ff
 .text          0x03781f00        0x4 bios.o
                0x03781f00                swiDelay
 .text          0x03781f04        0x0 card_engine_header.o
 .text          0x03781f04       0xa4 debugprint.o
                0x03781f04                nocashWrite
                0x03781f06                nocashMessage
 .text          0x03781fa8      0x114 c:/devkitpro/devkitarm/bin/../lib/gcc/arm-none-eabi/6.3.0\libgcc.a(_udivsi3.o)
                0x03781fa8                __aeabi_uidiv
                0x03781fa8                __udivsi3
                0x0378209c                __aeabi_uidivmod
 .text          0x037820bc      0x148 c:/devkitpro/devkitarm/bin/../lib/gcc/arm-none-eabi/6.3.0\libgcc.a(_divsi3.o)
                0x037820bc                __divsi3
                0x037820bc                __aeabi_idiv
                0x037821e4                __aeabi_idivmod
 .text          0x03782204        0x4 c:/devkitpro/devkitarm/bin/../lib/gcc/arm-none-eabi/6.3.0\libgcc.a(_dvmd_tls.o)
                0x03782204                __aeabi_idiv0
                0x03782204                __aeabi_ldiv0
 .text          0x03782208        0x0 c:/devkitpro/devkitarm/bin/../lib/gcc/arm-none-eabi/6.3.0/../../../../arm-none-eabi/lib\libg.a(lib_a-memcpy-stub.o)
 .text.memcpy   0x03782208      0x114 c:/devkitpro/devkitarm/bin/../lib/gcc/arm-none-eabi/6.3.0/../../../../arm-none-eabi/lib\libg.a(lib_a-memcpy-stub.o)
                0x03782208                memcpy
 .text          0x0378231c        0x0 c:/devkitpro/devkitarm/bin/../lib/gcc/arm-none-eabi/6.3.0/../../../../arm-none-eabi/lib\libg.a(lib_a-strlen-stub.o)
 .text.strlen   0x0378231c       0x60 c:/devkitpro/devkitarm/bin/../lib/gcc/arm-none-eabi/6.3.0/../../../../arm-none-eabi/lib\libg.a(lib_a-strlen-stub.o)
                0x0378231c                strlen
 *fill*         0x0378237c        0x4 ff
 .text.strlen.__stub
                0x03782380       0x18 linker stubs
 *(.stub)
 *(.gnu.warning)
 *(.gnu.linkonce.t*)
 *(.glue_7)
 .glue_7        0x037823a0        0x0 linker stubs
 *(.glue_7t)
 .glue_7t       0x037823a0        0x0 linker stubs
                0x037823a0                . = ALIGN (0x4)

.vfp11_veneer   0x037823a0        0x0
 .vfp11_veneer  0x037823a0        0x0 linker stubs

.v4_bx          0x037823a0        0x0
 .v4_bx         0x037823a0        0x0 linker stubs

.iplt           0x037823a0        0x0
 .iplt          0x037823a0        0x0 cardEngine.o

.fini
 *(.fini)
                0x037823a0                __text_end = .

.rodata         0x037823a0       0x20
 *(.rodata)
 .rodata        0x037823a0       0x20 sdmmc.o
                0x037823a0                __myio_dsisd
 *all.rodata*(*)
 *(.roda)
 *(.rodata.*)
 *(.gnu.linkonce.r*)
                0x037823c0                . = ALIGN (0x4)

.rel.dyn        0x037823c0        0x0
 .rel.iplt      0x037823c0        0x0 cardEngine.o

.ARM.extab
 *(.ARM.extab* .gnu.linkonce.armextab.*)
                0x037823c0                __exidx_start = .

.ARM.exidx
 *(.ARM.exidx* .gnu.linkonce.armexidx.*)
                0x037823c0                __exidx_end = .
                0x037823c0                . = ALIGN (0x4)
                [!provide]                PROVIDE (__preinit_array_start, .)

.preinit_array
 *(.preinit_array)
                [!provide]                PROVIDE (__preinit_array_end, .)
                [!provide]                PROVIDE (__init_array_start, .)

.init_array
 *(.init_array)
                [!provide]                PROVIDE (__init_array_end, .)
                [!provide]                PROVIDE (__fini_array_start, .)

.fini_array
 *(.fini_array)
                [!provide]                PROVIDE (__fini_array_end, .)

.ctors          0x037823c0        0x0
 *crtbegin.o(.ctors)
 *(EXCLUDE_FILE(*crtend.o) .ctors)
 *(SORT(.ctors.*))
 *(.ctors)
                0x037823c0                . = ALIGN (0x4)

.dtors          0x037823c0        0x0
 *crtbegin.o(.dtors)
 *(EXCLUDE_FILE(*crtend.o) .dtors)
 *(SORT(.dtors.*))
 *(.dtors)
                0x037823c0                . = ALIGN (0x4)

.eh_frame       0x037823c0        0x0
 *(.eh_frame)
                0x037823c0                . = ALIGN (0x4)

.gcc_except_table
                0x037823c0        0x0
 *(.gcc_except_table)
                0x037823c0                . = ALIGN (0x4)

.jcr
 *(.jcr)

.got
 *(.got.plt)
 *(.got)

.vram           0x037823c0        0x0
                0x037823c0                __vram_start = ABSOLUTE (.)
 *(.vram)
 *vram.*(.text)
                0x037823c0                . = ALIGN (0x4)
                0x037823c0                __vram_end = ABSOLUTE (.)

.data           0x037823c0        0x8
                0x037823c0                __data_start = ABSOLUTE (.)
 *(.data)
 .data          0x037823c0        0x4 cardEngine.o
                0x037823c0                sharedAddr
 .data          0x037823c4        0x0 debugToFile.o
 .data          0x037823c4        0x4 fat.o
 .data          0x037823c8        0x0 sdmmc.o
 .data          0x037823c8        0x0 bios.o
 .data          0x037823c8        0x0 card_engine_header.o
 .data          0x037823c8        0x0 debugprint.o
 .data          0x037823c8        0x0 c:/devkitpro/devkitarm/bin/../lib/gcc/arm-none-eabi/6.3.0\libgcc.a(_udivsi3.o)
 .data          0x037823c8        0x0 c:/devkitpro/devkitarm/bin/../lib/gcc/arm-none-eabi/6.3.0\libgcc.a(_divsi3.o)
 .data          0x037823c8        0x0 c:/devkitpro/devkitarm/bin/../lib/gcc/arm-none-eabi/6.3.0\libgcc.a(_dvmd_tls.o)
 .data          0x037823c8        0x0 c:/devkitpro/devkitarm/bin/../lib/gcc/arm-none-eabi/6.3.0/../../../../arm-none-eabi/lib\libg.a(lib_a-memcpy-stub.o)
 .data          0x037823c8        0x0 c:/devkitpro/devkitarm/bin/../lib/gcc/arm-none-eabi/6.3.0/../../../../arm-none-eabi/lib\libg.a(lib_a-strlen-stub.o)
 *(.data.*)
 *(.gnu.linkonce.d*)
                0x037823c8                . = ALIGN (0x4)
                0x037823c8                __data_end = ABSOLUTE (.)

.igot.plt       0x037823c8        0x0
 .igot.plt      0x037823c8        0x0 cardEngine.o

.bss            0x037823c8      0x2c4
                0x037823c8                __bss_start = ABSOLUTE (.)
                0x037823c8                __bss_start__ = ABSOLUTE (.)
 *(.dynbss)
 *(.gnu.linkonce.b*)
 *(.bss*)
 .bss           0x037823c8       0x32 cardEngine.o
 *fill*         0x037823fa        0x2 
 .bss           0x037823fc       0x29 debugToFile.o
 .bss           0x03782425        0x0 fat.o
 *fill*         0x03782425        0x3 
 .bss           0x03782428       0x3c sdmmc.o
 .bss           0x03782464        0x0 bios.o
 .bss           0x03782464        0x0 card_engine_header.o
 .bss           0x03782464        0x0 debugprint.o
 .bss           0x03782464        0x0 c:/devkitpro/devkitarm/bin/../lib/gcc/arm-none-eabi/6.3.0\libgcc.a(_udivsi3.o)
 .bss           0x03782464        0x0 c:/devkitpro/devkitarm/bin/../lib/gcc/arm-none-eabi/6.3.0\libgcc.a(_divsi3.o)
 .bss           0x03782464        0x0 c:/devkitpro/devkitarm/bin/../lib/gcc/arm-none-eabi/6.3.0\libgcc.a(_dvmd_tls.o)
 .bss           0x03782464        0x0 c:/devkitpro/devkitarm/bin/../lib/gcc/arm-none-eabi/6.3.0/../../../../arm-none-eabi/lib\libg.a(lib_a-memcpy-stub.o)
 .bss           0x03782464        0x0 c:/devkitpro/devkitarm/bin/../lib/gcc/arm-none-eabi/6.3.0/../../../../arm-none-eabi/lib\libg.a(lib_a-strlen-stub.o)
 *(COMMON)
 COMMON         0x03782464      0x228 fat.o
                0x03782464                discFileSystem
                0x03782468                discBytePerClus
                0x0378246c                discData
                0x03782470                discRootDir
                0x03782474                discRootDirClus
                0x03782478                discBytePerSec
                0x0378247c                discSecPerFAT
                0x03782480                discFAT
                0x03782484                globalBuffer
                0x03782684                discSecPerClus
                0x03782688                discNumSec
                0x0378268c                . = ALIGN (0x4)
                0x0378268c                __bss_end = .
                0x0378268c                __bss_end__ = .
                0x0378268c                _end = .
                0x0378268c                __end__ = .
                [!provide]                PROVIDE (end, _end)

.stab
 *(.stab)

.stabstr
 *(.stabstr)

.stab.excl
 *(.stab.excl)

.stab.exclstr
 *(.stab.exclstr)

.stab.index
 *(.stab.index)

.stab.indexstr
 *(.stab.indexstr)

.comment        0x00000000       0x22
 *(.comment)
 .comment       0x00000000       0x22 cardEngine.o
                                 0x23 (size before relaxing)
 .comment       0x00000022       0x23 debugToFile.o
 .comment       0x00000022       0x23 fat.o
 .comment       0x00000022       0x23 sdmmc.o
 .comment       0x00000022       0x23 c:/devkitpro/devkitarm/bin/../lib/gcc/arm-none-eabi/6.3.0/../../../../arm-none-eabi/lib\libg.a(lib_a-memcpy-stub.o)
 .comment       0x00000022       0x23 c:/devkitpro/devkitarm/bin/../lib/gcc/arm-none-eabi/6.3.0/../../../../arm-none-eabi/lib\libg.a(lib_a-strlen-stub.o)

.ARM.attributes
                0x00000000       0x2e
 .ARM.attributes
                0x00000000       0x2c cardEngine.o
 .ARM.attributes
                0x0000002c       0x2c debugToFile.o
 .ARM.attributes
                0x00000058       0x2c fat.o
 .ARM.attributes
                0x00000084       0x2c sdmmc.o
 .ARM.attributes
                0x000000b0       0x1a bios.o
 .ARM.attributes
                0x000000ca       0x1a card_engine_header.o
 .ARM.attributes
                0x000000e4       0x1a debugprint.o
 .ARM.attributes
                0x000000fe       0x18 c:/devkitpro/devkitarm/bin/../lib/gcc/arm-none-eabi/6.3.0\libgcc.a(_udivsi3.o)
 .ARM.attributes
                0x00000116       0x18 c:/devkitpro/devkitarm/bin/../lib/gcc/arm-none-eabi/6.3.0\libgcc.a(_divsi3.o)
 .ARM.attributes
                0x0000012e       0x18 c:/devkitpro/devkitarm/bin/../lib/gcc/arm-none-eabi/6.3.0\libgcc.a(_dvmd_tls.o)
 .ARM.attributes
                0x00000146       0x30 c:/devkitpro/devkitarm/bin/../lib/gcc/arm-none-eabi/6.3.0/../../../../arm-none-eabi/lib\libg.a(lib_a-memcpy-stub.o)
 .ARM.attributes
                0x00000176       0x30 c:/devkitpro/devkitarm/bin/../lib/gcc/arm-none-eabi/6.3.0/../../../../arm-none-eabi/lib\libg.a(lib_a-strlen-stub.o)

.debug
 *(.debug)

.line
 *(.line)

.debug_srcinfo
 *(.debug_srcinfo)

.debug_sfnames
 *(.debug_sfnames)

.debug_aranges  0x00000000       0xe0
 *(.debug_aranges)
 .debug_aranges
                0x00000000       0x20 cardEngine.o
 .debug_aranges
                0x00000020       0x20 debugToFile.o
 .debug_aranges
                0x00000040       0x20 fat.o
 .debug_aranges
                0x00000060       0x20 sdmmc.o
 .debug_aranges
                0x00000080       0x20 bios.o
 .debug_aranges
                0x000000a0       0x20 card_engine_header.o
 .debug_aranges
                0x000000c0       0x20 debugprint.o

.debug_pubnames
 *(.debug_pubnames)

.debug_info     0x00000000     0x3e1d
 *(.debug_info)
 .debug_info    0x00000000      0x991 cardEngine.o
 .debug_info    0x00000991      0xbc8 debugToFile.o
 .debug_info    0x00001559     0x114e fat.o
 .debug_info    0x000026a7     0x150a sdmmc.o
 .debug_info    0x00003bb1       0xc8 bios.o
 .debug_info    0x00003c79       0xd6 card_engine_header.o
 .debug_info    0x00003d4f       0xce debugprint.o

.debug_abbrev   0x00000000      0xdbd
 *(.debug_abbrev)
 .debug_abbrev  0x00000000      0x355 cardEngine.o
 .debug_abbrev  0x00000355      0x2e2 debugToFile.o
 .debug_abbrev  0x00000637      0x3b0 fat.o
 .debug_abbrev  0x000009e7      0x39a sdmmc.o
 .debug_abbrev  0x00000d81       0x14 bios.o
 .debug_abbrev  0x00000d95       0x14 card_engine_header.o
 .debug_abbrev  0x00000da9       0x14 debugprint.o

.debug_line     0x00000000     0x1231
 *(.debug_line)
 .debug_line    0x00000000      0x261 cardEngine.o
 .debug_line    0x00000261      0x22b debugToFile.o
 .debug_line    0x0000048c      0x655 fat.o
 .debug_line    0x00000ae1      0x4fa sdmmc.o
 .debug_line    0x00000fdb       0x85 bios.o
 .debug_line    0x00001060      0x12f card_engine_header.o
 .debug_line    0x0000118f       0xa2 debugprint.o

.debug_frame    0x00000000      0x5f8
 *(.debug_frame)
 .debug_frame   0x00000000      0x1e0 cardEngine.o
 .debug_frame   0x000001e0       0x88 debugToFile.o
 .debug_frame   0x00000268      0x1e8 fat.o
 .debug_frame   0x00000450      0x1a8 sdmmc.o

.debug_str      0x00000000     0x11eb
 *(.debug_str)
 .debug_str     0x00000000      0x598 cardEngine.o
                                0x5e3 (size before relaxing)
 .debug_str     0x00000598      0x4d0 debugToFile.o
                                0x6d3 (size before relaxing)
 .debug_str     0x00000a68      0x59f fat.o
                                0x7c4 (size before relaxing)
 .debug_str     0x00001007      0x1e4 sdmmc.o
                                0x567 (size before relaxing)

.debug_loc      0x00000000     0x24dc
 *(.debug_loc)
 .debug_loc     0x00000000      0x2ae cardEngine.o
 .debug_loc     0x000002ae      0x106 debugToFile.o
 .debug_loc     0x000003b4     0x147f fat.o
 .debug_loc     0x00001833      0xca9 sdmmc.o

.debug_macinfo
 *(.debug_macinfo)

.debug_weaknames
 *(.debug_weaknames)

.debug_funcnames
 *(.debug_funcnames)

.debug_typenames
 *(.debug_typenames)

.debug_varnames
 *(.debug_varnames)

.stack          0x00080000        0x0
                0x00080000                _stack = .
 *(.stack)
OUTPUT(c:/Users/stoke/OneDrive/Documents/GitHub/nds-bootstrap/cardengine_arm7/../data/cardengine_arm7.elf elf32-littlearm)

.debug_ranges   0x00000000      0x5a0
 .debug_ranges  0x00000000       0xd8 cardEngine.o
 .debug_ranges  0x000000d8      0x248 fat.o
 .debug_ranges  0x00000320      0x280 sdmmc.o
